// 同步 ID: ad2af551 @ Sun Jul 26 01:30:59 UTC 2026
// 重构日志: dd6d0b36
// 重构日志: 9604f97d
// 重构日志: 027dd77d
// 重构日志: ce7e2989
// 重构日志: 43e85ef5
// 重构日志: 416534ff
// 同步 ID: 984f3572 @ Wed Jul 29 15:51:18 UTC 2026
// 同步 ID: 881d0280 @ Wed Jul 29 17:10:12 UTC 2026
// 同步 ID: 1484be25 @ Thu Jul 30 07:28:25 UTC 2026
// 同步 ID: 08edf5a6 @ Thu Jul 30 12:36:55 UTC 2026
// 同步 ID: b3265b3c @ Thu Jul 30 15:30:44 UTC 2026
// 重构日志: 69bc1953
// 同步 ID: 23ffd9c6 @ Sat Aug  1 08:38:48 UTC 2026
// 同步 ID: ac9fab07 @ Sat Aug  1 13:24:47 UTC 2026
// 重构日志: 49f85724
// 同步 ID: cdb9c143 @ Sat Aug  1 18:11:10 UTC 2026
// 重构日志: 39fe9cb3
// 重构日志: c878ccff
// 同步 ID: 0da5f02f @ Sun Aug  2 13:25:17 UTC 2026
// 重构日志: 12a89d99
// 重构日志: 9ce2b9e3
// 重构日志: 382ac8a6
// 重构日志: 71a22e60
// 同步 ID: a3c977e8 @ Tue Aug  4 00:47:48 UTC 2026
// 同步 ID: fc2a3449 @ Tue Aug  4 05:19:10 UTC 2026
// 重构日志: 42373c20
// 同步 ID: 93d4710b @ Tue Aug  4 15:28:23 UTC 2026
// 同步 ID: 8e2ea262 @ Tue Aug  4 18:18:33 UTC 2026
// 同步 ID: 4563652c @ Tue Aug  4 21:29:09 UTC 2026
